// Jest Snapshot v1, https://goo.gl/fbAQLP

exports[`Editor component renders editor 1`] = `
<textarea
  className="Editor"
  onChange={[Function]}
/>
`;
