// Jest Snapshot v1, https://goo.gl/fbAQLP

exports[`MarkdownList component renders MarkdownList 1`] = `
<ul>
  <li
    key="NaN"
  >
    <p />
  </li>
  <li
    key="NaN"
  >
    <p />
  </li>
  <li
    key="NaN"
  >
    <p />
  </li>
</ul>
`;
