// Jest Snapshot v1, https://goo.gl/fbAQLP

exports[`Preview component renders preview 1`] = `
<Fragment>
  <div
    className="markdown-body"
    dangerouslySetInnerHTML={
      Object {
        "__html": undefined,
      }
    }
  />
</Fragment>
`;
